// Jest Snapshot v1, https://goo.gl/fbAQLP

exports[`renders without crashing 1`] = `
<BrowserRouter>
  <Root>
    <Switch>
      <Route
        component={
          Object {
            "$$typeof": Symbol(react.memo),
            "WrappedComponent": [Function],
            "compare": null,
            "displayName": "Connect(BlogList)",
            "type": [Function],
          }
        }
        exact={true}
        path="/blog"
      />
      <Route
        component={
          Object {
            "$$typeof": Symbol(react.memo),
            "WrappedComponent": [Function],
            "compare": null,
            "displayName": "Connect(BlogPost)",
            "type": [Function],
          }
        }
        path="/blog/:slug"
      />
    </Switch>
  </Root>
</BrowserRouter>
`;
